<html>
<body>
<pre>
<h1>µVision Build Log</h1>
<h2>Tool Versions:</h2>
IDE-Version: ¦ÌVision V5.39.0.0
Copyright (C) 2023 ARM Ltd and ARM Germany GmbH. All rights reserved.
License Information: a aa, aa, LIC=KRMW3-ADV4F-FW92N-YJBNL-YWSZX-AK2UW
 
Tool Versions:
Toolchain:       MDK-ARM Plus  Version: 5.39.0.0
Toolchain Path:  C:\Keil_v5\ARM\ARMCC\Bin
C Compiler:      Armcc.exe V5.06 update 6 (build 750)
Assembler:       Armasm.exe V5.06 update 6 (build 750)
Linker/Locator:  ArmLink.exe V5.06 update 6 (build 750)
Library Manager: ArmAr.exe V5.06 update 6 (build 750)
Hex Converter:   FromElf.exe V5.06 update 6 (build 750)
CPU DLL:         SARMCM3.DLL V5.39.0.0
Dialog DLL:      DCM.DLL V1.17.5.0
Target DLL:      STLink\ST-LINKIII-KEIL_SWO.dll V3.2.0.0
Dialog DLL:      TCM.DLL V1.56.4.0
 
<h2>Project:</h2>
c:\Users\Administrator\Desktop\Quadcopter\03_projrctpp\P01_Flight_hal\MDK-ARM\P01_Flight_hal.uvprojx
Project File Date:  06/06/2026

<h2>Output:</h2>
*** Using Compiler 'V5.06 update 6 (build 750)', folder: 'C:\Keil_v5\ARM\ARMCC\Bin'
Rebuild target 'P01_Flight_hal'
assembling startup_stm32f103xb.s...
compiling stm32f1xx_hal.c...
compiling spi.c...
compiling usart.c...
compiling stm32f1xx_hal_msp.c...
compiling i2c.c...
compiling stm32f1xx_hal_rcc_ex.c...
compiling stm32f1xx_hal_i2c.c...
compiling stm32f1xx_hal_gpio.c...
compiling stm32f1xx_hal_gpio_ex.c...
compiling tim.c...
compiling stm32f1xx_hal_cortex.c...
compiling stm32f1xx_it.c...
compiling stm32f1xx_hal_dma.c...
compiling gpio.c...
compiling main.c...
compiling stm32f1xx_hal_rcc.c...
compiling croutine.c...
compiling list.c...
compiling event_groups.c...
compiling stream_buffer.c...
compiling queue.c...
compiling stm32f1xx_hal_pwr.c...
compiling system_stm32f1xx.c...
compiling Com_filter.c...
compiling timers.c...
compiling tasks.c...
compiling heap_4.c...
compiling Com_debug.c...
compiling stm32f1xx_hal_flash.c...
compiling port.c...
compiling stm32f1xx_hal_tim_ex.c...
compiling stm32f1xx_hal_spi.c...
compiling stm32f1xx_hal_flash_ex.c...
compiling Com_pid.c...
compiling Com_config.c...
compiling stm32f1xx_hal_uart.c...
compiling stm32f1xx_hal_exti.c...
compiling stm32f1xx_hal_tim.c...
compiling Com_imu.c...
compiling Int_led.c...
compiling VL53L1X_calibration.c...
compiling vl53l1_platform.c...
compiling VL53L1X_api.c...
compiling Int_VL53L1X.c...
compiling Int_motor.c...
compiling Int_IP5305T.c...
compiling Int_mpu6050.c...
compiling App_receive_data.c...
compiling Int_SI24R1.c...
compiling App_flight.c...
compiling App_freeRTOS_task.c...
linking...
Program Size: Code=30224 RO-data=512 RW-data=676 ZI-data=14188  
FromELF: creating hex file...
"P01_Flight_hal\P01_Flight_hal.axf" - 0 Error(s), 0 Warning(s).

<h2>Software Packages used:</h2>

Package Vendor: ARM
                http://www.keil.com/pack/ARM.CMSIS.5.9.0.pack
                ARM::CMSIS@5.9.0
                CMSIS (Common Microcontroller Software Interface Standard)
   * Component: CORE Version: 5.6.0

Package Vendor: Keil
                http://www.keil.com/pack/Keil.STM32F1xx_DFP.2.1.0.pack
                Keil::STM32F1xx_DFP@2.1.0
                STMicroelectronics STM32F1 Series Device Support, Drivers and Examples

<h2>Collection of Component include folders:</h2>
  ./RTE/_P01_Flight_hal
  C:/Users/Administrator/AppData/Local/Arm/Packs/ARM/CMSIS/5.9.0/CMSIS/Core/Include
  C:/Users/Administrator/AppData/Local/Arm/Packs/Keil/STM32F1xx_DFP/2.1.0/Device/Include

<h2>Collection of Component Files used:</h2>

   * Component: ARM::CMSIS:CORE@5.6.0
      Include file:  CMSIS/Core/Include/tz_context.h
Build Time Elapsed:  00:00:08
</pre>
</body>
</html>
